[www.mixo.io/site/fit-fuel-qk6if.html]
[backblue.gif]
[fade.gif]
[index.html]
[www.mixo.io/site/fit-fuel-qk6if/sitemap.xml]
[storage.googleapis.com/mixo-files/uploads/default-social-fortnite-1700679276228.png]
[www.mixo.io/site/fit-fuel-qk6if/assets/style-d69d83e1.css]
[www.mixo.io/site/fit-fuel-qk6if/assets/iles.cc02da52.js]
[www.mixo.io/site/fit-fuel-qk6if/assets/vendor-vue.146a6d52.js]
[www.mixo.io/site/fit-fuel-qk6if/assets/MixoHeader.094bf81f.js]
[www.mixo.io/site/fit-fuel-qk6if/assets/UiButton.9ed06865.js]
[www.mixo.io/site/fit-fuel-qk6if/assets/vite.c27b6911.js]
[www.mixo.io/site/fit-fuel-qk6if/assets/ScriptLoader.75a2659d.js]
[storage.googleapis.com/mixo-files/public/img/avatars/female-17.png]
[storage.googleapis.com/mixo-sites/images/file-3b7931fb-72f7-4f37-b5a0-bbb61882ff66.jpg]
[storage.googleapis.com/mixo-sites/images/file-55daa538-5559-47e1-a6dc-394e72bce926.jpg]
[storage.googleapis.com/mixo-sites/images/file-f854ad35-9493-4689-8ec6-bf5778de101c.jpg]
[storage.googleapis.com/mixo-sites/images/file-95d0e6e4-1085-4390-9e10-04fa0c658747.jpg]
[storage.googleapis.com/mixo-sites/images/file-2d296998-1eb0-4230-b04e-9f50f0828d49.png]
[www.mixo.io/site/fit-fuel-qk6if.html]
[www.mixo.io/site/fit-fuel-qk6if/assets/style-d69d83e1.css]
[www.mixo.io/cdn-cgi/zaraz/sd0d9.js]
